[0.098s] DEBUG:colcon:Command line arguments: ['/usr/bin/colcon', 'build', '--symlink-install']
[0.099s] DEBUG:colcon:Parsed command line arguments: Namespace(log_base=None, log_level=None, verb_name='build', build_base='build', install_base='install', merge_install=False, symlink_install=True, test_result_base=None, continue_on_error=False, executor='sequential', event_handlers=None, base_paths=['.'], paths=None, cmake_args=None, cmake_target=None, cmake_target_skip_unavailable=False, cmake_clean_cache=False, cmake_clean_first=False, cmake_force_configure=False, ament_cmake_args=None, catkin_cmake_args=None, catkin_skip_building_tests=False, verb_parser=CustomArgumentParser(prog='colcon build', usage=None, description='Build a set of packages.', formatter_class=<class 'colcon_core.command.CustomFormatter'>, conflict_handler='error', add_help=True), verb_extension=<colcon_core.verb.build.BuildVerb object at 0x7bb2e4f76830>, main=<bound method BuildVerb.main of <colcon_core.verb.build.BuildVerb object at 0x7bb2e4f76830>>)
[0.142s] Level 1:colcon.colcon_core.package_discovery:discover_packages(recursive) check parameters
[0.142s] Level 1:colcon.colcon_core.package_discovery:discover_packages(path) check parameters
[0.142s] Level 1:colcon.colcon_core.package_discovery:discover_packages(recursive) discover
[0.142s] INFO:colcon.colcon_core.package_discovery:Crawling recursively for packages in '/acct/mcs46/Downloads/proj2a/workspace'
[0.143s] Level 1:colcon.colcon_core.package_identification:_identify(.) by extensions ['ignore', 'ignore_ament_install']
[0.143s] Level 1:colcon.colcon_core.package_identification:_identify(.) by extension 'ignore'
[0.143s] Level 1:colcon.colcon_core.package_identification:_identify(.) by extension 'ignore_ament_install'
[0.143s] Level 1:colcon.colcon_core.package_identification:_identify(.) by extensions ['ros']
[0.143s] Level 1:colcon.colcon_core.package_identification:_identify(.) by extension 'ros'
[0.157s] Level 1:colcon.colcon_core.package_identification:_identify(.) by extensions ['cmake', 'python']
[0.157s] Level 1:colcon.colcon_core.package_identification:_identify(.) by extension 'cmake'
[0.157s] Level 1:colcon.colcon_core.package_identification:_identify(.) by extension 'python'
[0.158s] Level 1:colcon.colcon_core.package_identification:_identify(.) by extensions ['python_setup_py']
[0.158s] Level 1:colcon.colcon_core.package_identification:_identify(.) by extension 'python_setup_py'
[0.158s] Level 1:colcon.colcon_core.package_identification:_identify(build) by extensions ['ignore', 'ignore_ament_install']
[0.158s] Level 1:colcon.colcon_core.package_identification:_identify(build) by extension 'ignore'
[0.158s] Level 1:colcon.colcon_core.package_identification:_identify(build) ignored
[0.159s] Level 1:colcon.colcon_core.package_identification:_identify(install) by extensions ['ignore', 'ignore_ament_install']
[0.159s] Level 1:colcon.colcon_core.package_identification:_identify(install) by extension 'ignore'
[0.159s] Level 1:colcon.colcon_core.package_identification:_identify(install) ignored
[0.161s] Level 1:colcon.colcon_core.package_identification:_identify(log) by extensions ['ignore', 'ignore_ament_install']
[0.161s] Level 1:colcon.colcon_core.package_identification:_identify(log) by extension 'ignore'
[0.161s] Level 1:colcon.colcon_core.package_identification:_identify(log) ignored
[0.161s] Level 1:colcon.colcon_core.package_identification:_identify(src) by extensions ['ignore', 'ignore_ament_install']
[0.161s] Level 1:colcon.colcon_core.package_identification:_identify(src) by extension 'ignore'
[0.161s] Level 1:colcon.colcon_core.package_identification:_identify(src) by extension 'ignore_ament_install'
[0.161s] Level 1:colcon.colcon_core.package_identification:_identify(src) by extensions ['ros']
[0.161s] Level 1:colcon.colcon_core.package_identification:_identify(src) by extension 'ros'
[0.161s] Level 1:colcon.colcon_core.package_identification:_identify(src) by extensions ['cmake', 'python']
[0.161s] Level 1:colcon.colcon_core.package_identification:_identify(src) by extension 'cmake'
[0.161s] Level 1:colcon.colcon_core.package_identification:_identify(src) by extension 'python'
[0.161s] Level 1:colcon.colcon_core.package_identification:_identify(src) by extensions ['python_setup_py']
[0.161s] Level 1:colcon.colcon_core.package_identification:_identify(src) by extension 'python_setup_py'
[0.162s] Level 1:colcon.colcon_core.package_identification:_identify(src/boustrophedon) by extensions ['ignore', 'ignore_ament_install']
[0.162s] Level 1:colcon.colcon_core.package_identification:_identify(src/boustrophedon) by extension 'ignore'
[0.162s] Level 1:colcon.colcon_core.package_identification:_identify(src/boustrophedon) by extension 'ignore_ament_install'
[0.162s] Level 1:colcon.colcon_core.package_identification:_identify(src/boustrophedon) by extensions ['ros']
[0.162s] Level 1:colcon.colcon_core.package_identification:_identify(src/boustrophedon) by extension 'ros'
[0.163s] DEBUG:colcon.colcon_core.package_identification:Package 'src/boustrophedon' with type 'ros.ament_python' and name 'boustrophedon'
[0.163s] Level 1:colcon.colcon_core.package_discovery:discover_packages(recursive) using defaults
[0.163s] Level 1:colcon.colcon_core.package_discovery:discover_packages(path) discover
[0.163s] Level 1:colcon.colcon_core.package_discovery:discover_packages(path) using defaults
[0.183s] Level 5:colcon.colcon_core.verb:set package 'boustrophedon' build argument 'cmake_args' from command line to 'None'
[0.183s] Level 5:colcon.colcon_core.verb:set package 'boustrophedon' build argument 'cmake_target' from command line to 'None'
[0.183s] Level 5:colcon.colcon_core.verb:set package 'boustrophedon' build argument 'cmake_target_skip_unavailable' from command line to 'False'
[0.183s] Level 5:colcon.colcon_core.verb:set package 'boustrophedon' build argument 'cmake_clean_cache' from command line to 'False'
[0.183s] Level 5:colcon.colcon_core.verb:set package 'boustrophedon' build argument 'cmake_clean_first' from command line to 'False'
[0.183s] Level 5:colcon.colcon_core.verb:set package 'boustrophedon' build argument 'cmake_force_configure' from command line to 'False'
[0.183s] Level 5:colcon.colcon_core.verb:set package 'boustrophedon' build argument 'ament_cmake_args' from command line to 'None'
[0.183s] Level 5:colcon.colcon_core.verb:set package 'boustrophedon' build argument 'catkin_cmake_args' from command line to 'None'
[0.183s] Level 5:colcon.colcon_core.verb:set package 'boustrophedon' build argument 'catkin_skip_building_tests' from command line to 'False'
[0.183s] DEBUG:colcon.colcon_core.verb:Building package 'boustrophedon' with the following arguments: {'ament_cmake_args': None, 'build_base': '/acct/mcs46/Downloads/proj2a/workspace/build/boustrophedon', 'catkin_cmake_args': None, 'catkin_skip_building_tests': False, 'cmake_args': None, 'cmake_clean_cache': False, 'cmake_clean_first': False, 'cmake_force_configure': False, 'cmake_target': None, 'cmake_target_skip_unavailable': False, 'install_base': '/acct/mcs46/Downloads/proj2a/workspace/install/boustrophedon', 'merge_install': False, 'path': '/acct/mcs46/Downloads/proj2a/workspace/src/boustrophedon', 'symlink_install': True, 'test_result_base': None}
[0.183s] INFO:colcon.colcon_core.executor:Executing jobs using 'sequential' executor
[0.184s] DEBUG:colcon.colcon_core.executor.sequential:run_until_complete 'boustrophedon'
[0.184s] INFO:colcon.colcon_ros.task.ament_python.build:Building ROS package in '/acct/mcs46/Downloads/proj2a/workspace/src/boustrophedon' with build type 'ament_python'
[0.184s] Level 1:colcon.colcon_core.shell:create_environment_hook('boustrophedon', 'ament_prefix_path')
[0.184s] INFO:colcon.colcon_core.plugin_system:Skipping extension 'colcon_core.shell.bat': Not used on non-Windows systems
[0.185s] INFO:colcon.colcon_core.shell:Creating environment descriptor '/acct/mcs46/Downloads/proj2a/workspace/install/boustrophedon/share/boustrophedon/hook/ament_prefix_path.dsv'
[0.188s] INFO:colcon.colcon_core.shell:Creating environment hook '/acct/mcs46/Downloads/proj2a/workspace/install/boustrophedon/share/boustrophedon/hook/ament_prefix_path.sh'
[0.193s] DEBUG:colcon.colcon_core.shell:Skip shell extension 'dsv' for command environment
[0.380s] INFO:colcon.colcon_core.task.python.build:Building Python package in '/acct/mcs46/Downloads/proj2a/workspace/src/boustrophedon'
[0.380s] DEBUG:colcon.colcon_core.shell:Skip shell extension 'dsv' for command environment
[0.994s] DEBUG:colcon.colcon_core.event_handler.log_command:Invoking command in '/acct/mcs46/Downloads/proj2a/workspace/build/boustrophedon': HISTTIMEFORMAT=%F %T: PYTHONPATH=/acct/mcs46/Downloads/proj2a/workspace/build/boustrophedon/prefix_override:/usr/lib/python3/dist-packages/colcon_core/task/python/colcon_distutils_commands:/acct/mcs46/Downloads/proj2a/workspace/install/boustrophedon/lib/python3.10/site-packages:${PYTHONPATH} /usr/bin/python3 -W ignore:setup.py install is deprecated -W ignore:easy_install command is deprecated setup.py develop --editable --build-directory /acct/mcs46/Downloads/proj2a/workspace/build/boustrophedon/build --no-deps symlink_data
[1.665s] Level 1:colcon.colcon_core.shell:create_environment_hook('boustrophedon', 'pythonpath_develop')
[1.665s] DEBUG:colcon.colcon_core.event_handler.log_command:Invoked command in '/acct/mcs46/Downloads/proj2a/workspace/build/boustrophedon' returned '0': HISTTIMEFORMAT=%F %T: PYTHONPATH=/acct/mcs46/Downloads/proj2a/workspace/build/boustrophedon/prefix_override:/usr/lib/python3/dist-packages/colcon_core/task/python/colcon_distutils_commands:/acct/mcs46/Downloads/proj2a/workspace/install/boustrophedon/lib/python3.10/site-packages:${PYTHONPATH} /usr/bin/python3 -W ignore:setup.py install is deprecated -W ignore:easy_install command is deprecated setup.py develop --editable --build-directory /acct/mcs46/Downloads/proj2a/workspace/build/boustrophedon/build --no-deps symlink_data
[1.665s] INFO:colcon.colcon_core.shell:Creating environment descriptor '/acct/mcs46/Downloads/proj2a/workspace/build/boustrophedon/share/boustrophedon/hook/pythonpath_develop.dsv'
[1.669s] INFO:colcon.colcon_core.shell:Creating environment hook '/acct/mcs46/Downloads/proj2a/workspace/build/boustrophedon/share/boustrophedon/hook/pythonpath_develop.sh'
[1.673s] Level 1:colcon.colcon_core.environment:checking '/acct/mcs46/Downloads/proj2a/workspace/install/boustrophedon' for CMake module files
[1.674s] Level 1:colcon.colcon_core.environment:checking '/acct/mcs46/Downloads/proj2a/workspace/install/boustrophedon' for CMake config files
[1.680s] Level 1:colcon.colcon_core.environment:checking '/acct/mcs46/Downloads/proj2a/workspace/install/boustrophedon/lib'
[1.680s] Level 1:colcon.colcon_core.environment:checking '/acct/mcs46/Downloads/proj2a/workspace/install/boustrophedon/bin'
[1.680s] Level 1:colcon.colcon_core.environment:checking '/acct/mcs46/Downloads/proj2a/workspace/install/boustrophedon/lib/pkgconfig/boustrophedon.pc'
[1.680s] Level 1:colcon.colcon_core.environment:checking '/acct/mcs46/Downloads/proj2a/workspace/install/boustrophedon/lib/python3.10/site-packages'
[1.680s] Level 1:colcon.colcon_core.shell:create_environment_hook('boustrophedon', 'pythonpath')
[1.680s] INFO:colcon.colcon_core.shell:Creating environment descriptor '/acct/mcs46/Downloads/proj2a/workspace/install/boustrophedon/share/boustrophedon/hook/pythonpath.dsv'
[1.683s] INFO:colcon.colcon_core.shell:Creating environment hook '/acct/mcs46/Downloads/proj2a/workspace/install/boustrophedon/share/boustrophedon/hook/pythonpath.sh'
[1.687s] Level 1:colcon.colcon_core.environment:checking '/acct/mcs46/Downloads/proj2a/workspace/install/boustrophedon/bin'
[1.687s] Level 1:colcon.colcon_core.environment:create_environment_scripts_only(boustrophedon)
[1.688s] INFO:colcon.colcon_core.shell:Creating package descriptor '/acct/mcs46/Downloads/proj2a/workspace/install/boustrophedon/share/boustrophedon/package.dsv'
[1.692s] INFO:colcon.colcon_core.shell:Creating package script '/acct/mcs46/Downloads/proj2a/workspace/install/boustrophedon/share/boustrophedon/package.sh'
[1.695s] Level 1:colcon.colcon_core.environment:create_file_with_runtime_dependencies(/acct/mcs46/Downloads/proj2a/workspace/install/boustrophedon/share/colcon-core/packages/boustrophedon)
[1.697s] DEBUG:colcon.colcon_core.executor.sequential:run_until_complete 'boustrophedon' finished with '0'
[1.697s] DEBUG:colcon.colcon_core.executor.sequential:closing loop
[1.697s] DEBUG:colcon.colcon_core.executor.sequential:loop closed
[1.697s] DEBUG:colcon.colcon_core.event_reactor:joining thread
[1.697s] DEBUG:colcon.colcon_core.event_reactor:joined thread
[1.697s] INFO:colcon.colcon_core.shell:Creating prefix script '/acct/mcs46/Downloads/proj2a/workspace/install/local_setup.sh'
[1.701s] INFO:colcon.colcon_core.shell:Creating prefix util module '/acct/mcs46/Downloads/proj2a/workspace/install/_local_setup_util_sh.py'
[1.706s] INFO:colcon.colcon_core.shell:Creating prefix chain script '/acct/mcs46/Downloads/proj2a/workspace/install/setup.sh'
